// 同步 ID: 196a4db9 @ Wed Jul 22 10:43:34 UTC 2026
// 重构日志: ef3fb52a
// 重构日志: 892ebc29
// 重构日志: dbac0760
// 重构日志: 93a456f6
// 同步 ID: 6a48150c @ Thu Jul 23 21:09:12 UTC 2026
// 重构日志: 65c0db23
// 同步 ID: 761c3bf2 @ Fri Jul 24 11:27:37 UTC 2026
// 同步 ID: e677fdf7 @ Sat Jul 25 01:35:29 UTC 2026
// 重构日志: f3b910c6
// 同步 ID: bdd7e795 @ Sat Jul 25 17:33:35 UTC 2026
// 重构日志: 40aceb2a
// 重构日志: 47465a18
// 重构日志: fb3b8891
// 同步 ID: 31ba7c37 @ Mon Jul 27 05:43:25 UTC 2026
// 重构日志: 42e7281a
// 同步 ID: a3ff021b @ Tue Jul 28 03:55:21 UTC 2026
// 同步 ID: bfad88e1 @ Tue Jul 28 07:47:01 UTC 2026
// 同步 ID: a703c0b8 @ Tue Jul 28 17:48:28 UTC 2026
// 同步 ID: ec4ab733 @ Wed Jul 29 04:55:42 UTC 2026
// 重构日志: d18c191c
// 同步 ID: 3129af9e @ Fri Jul 31 11:20:06 UTC 2026
// 同步 ID: 58031a92 @ Sat Aug  1 15:49:21 UTC 2026
// 同步 ID: 704bef04 @ Sun Aug  2 07:51:45 UTC 2026
// 同步 ID: 27bebd22 @ Mon Aug  3 16:57:42 UTC 2026
// 同步 ID: 960197a8 @ Tue Aug  4 08:04:29 UTC 2026
// 同步 ID: f9f9349f @ Tue Aug  4 15:51:48 UTC 2026
// 同步 ID: 5fe5ba0d @ Wed Aug  5 11:03:29 UTC 2026
// 重构日志: 17b5e91f
// 同步 ID: 1add99a5 @ Thu Aug  6 11:45:08 UTC 2026
